// Jest Snapshot v1, https://goo.gl/fbAQLP

exports[`Campaign List should render Campaign List correctly 1`] = `ShallowWrapper {}`;
